Running Gradle task 'bundleRelease'...                          
Font asset "MaterialIcons-Regular.otf" was tree-shaken, reducing it from 1645184 to 18756 bytes (98.9% reduction). Tree-shaking can be disabled by providing the --no-tree-shake-icons flag when building your app.
Note: Some input files use or override a deprecated API.
Note: Recompile with -Xlint:deprecation for details.
Running Gradle task 'bundleRelease'...                            252.2s
ΓêÜ Built build\app\outputs\bundle\release\app-release.aab (161.3MB)
